// Jest Snapshot v1, https://goo.gl/fbAQLP

exports[`Component: CustomReports should render 1`] = `
<Panel.LEGACY.Section>
  <div
    className="Wrap"
  >
    <div
      className="NameWrapper"
    >
      <TextField
        id="custom-report-name"
        label="Report Name"
        labelHidden={true}
        onChange={[Function]}
        placeholder="Untitled Report"
        value=""
      />
    </div>
    <Button
      color="orange"
      disabled={true}
      flat={true}
      onClick={[Function]}
    >
      <Save
        className="SaveIcon"
      />
      Save
    </Button>
    <div
      className="ReportsButton"
    >
      <withRouter(CustomReportsList)
        deleting={false}
        handleLoad={[Function]}
        onDelete={[MockFunction]}
        reports={
          Array [
            Object {
              "name": "report 1",
              "url": "report1url",
            },
            Object {
              "name": "report 2",
              "url": "range=custom&metrics=count_delayed&filters=Sending%20Domain%3Atest.com",
            },
          ]
        }
      />
    </div>
  </div>
</Panel.LEGACY.Section>
`;
