// Jest Snapshot v1, https://goo.gl/fbAQLP

exports[`Rejection Data Table:  getRowData should render row data properly 1`] = `
Array [
  <LongTextContainer
    text="bad delay"
  />,
  <Memo(Connect(AddFilterLink))
    content="gmail.com"
    newFilter={
      Object {
        "type": "Recipient Domain",
        "value": "gmail.com",
      }
    }
    reportType="rejections"
  />,
  "cat1",
  10,
]
`;

exports[`Rejection Data Table:  renders correctly 1`] = `
<TableCollection
  columns={
    Array [
      Object {
        "label": "Reason",
        "sortKey": "reason",
        "width": "45%",
      },
      Object {
        "label": "Domain",
        "sortKey": "domain",
      },
      Object {
        "label": "Category",
        "sortKey": "rejection_category_name",
      },
      Object {
        "label": "Count",
        "sortKey": "count_rejected",
      },
    ]
  }
  defaultSortColumn="reason"
  defaultSortDirection="desc"
  filterBox={
    Object {
      "exampleModifiers": Array [
        "domain",
        "category",
      ],
      "itemToStringKeys": Array [
        "rejection_category_name",
        "domain",
        "reason",
      ],
      "keyMap": Object {
        "category": "rejection_category_name",
      },
      "matchThreshold": 5,
      "show": true,
    }
  }
  getRowData={[Function]}
  pagination={true}
  rows={
    Array [
      Object {
        "count_rejected": 65,
        "domain": "gmail.com",
        "reason": "551 - Cannot Relay 105",
        "rejection_category_id": 1,
        "rejection_category_name": "Policy Rejection",
      },
      Object {
        "count_rejected": 62,
        "domain": "gmail.com",
        "reason": "550 - Invalid recipient ...@... (#5.1.1)",
        "rejection_category_id": 1,
        "rejection_category_name": "Policy Rejection",
      },
    ]
  }
/>
`;

exports[`Rejection Data Table:  renders correctly with no rejections 1`] = `
<Panel.LEGACY>
  <Empty
    message="No rejection reasons to report"
  />
</Panel.LEGACY>
`;
