// Jest Snapshot v1, https://goo.gl/fbAQLP

exports[`PoolForm should render form 1`] = `
<Panel.LEGACY>
  <Form
    id="update-ip-pool-form"
    onSubmit={[MockFunction]}
  >
    <Panel.LEGACY.Section>
      <Stack>
        <Field
          component={[Function]}
          disabled={false}
          helpText=""
          label="Pool Name"
          name="name"
          placeholder="My IP Pool"
          validate={[Function]}
        />
        <AccessControl
          condition={[Function]}
        >
          <Field
            component={[Function]}
            disabled={false}
            label="Default Signing Domain"
            name="signing_domain"
          />
        </AccessControl>
        <Field
          component={[Function]}
          disabled={false}
          helpText="With automatic IP Warmup enabled, selected pool will be used when volume threshold for this pool has been reached."
          label="Overflow Pool"
          name="auto_warmup_overflow_pool"
          options={
            Array [
              Object {
                "label": "None",
                "value": "",
              },
              Object {
                "label": "Another Pool (pool-2)",
                "value": "pool-2",
              },
            ]
          }
        />
      </Stack>
    </Panel.LEGACY.Section>
    <Panel.LEGACY.Section>
      <Button
        disabled={true}
        submit={true}
        variant="primary"
      >
        Update IP Pool
      </Button>
    </Panel.LEGACY.Section>
  </Form>
</Panel.LEGACY>
`;
