// Jest Snapshot v1, https://goo.gl/fbAQLP

exports[`Form Container: Update Contact should render 1`] = `
<Form
  id="billing-update-contact"
>
  <Panel.LEGACY
    title="Update Billing Contact"
  >
    <Panel.LEGACY.Section>
      <Connect(BillingContactForm)
        countries={Array []}
        formName="updateContact"
      />
    </Panel.LEGACY.Section>
    <Panel.LEGACY.Section>
      <ButtonWrapper>
        <Button
          type="submit"
          variant="primary"
        >
          Update Billing Contact
        </Button>
        <Button
          onClick={[MockFunction]}
          variant="secondary"
        >
          Cancel
        </Button>
      </ButtonWrapper>
    </Panel.LEGACY.Section>
  </Panel.LEGACY>
</Form>
`;
