// Jest Snapshot v1, https://goo.gl/fbAQLP

exports[`Variants View Component: Engagement Component: should render clicks correctly 1`] = `
<Panel.LEGACY.Section>
  <LabelledValue
    label="Engagement Rate Achieved"
  >
    <h6>
      <Tooltip
        content={
          <span>
            10
             clicks of
             
            100
             accepted
          </span>
        }
        dark={true}
      >
        <Unit
          unit="percent"
          value={20}
        />
         
        <span
          className="InfoIcon"
        >
          <InfoOutline />
        </span>
      </Tooltip>
    </h6>
  </LabelledValue>
</Panel.LEGACY.Section>
`;

exports[`Variants View Component: Engagement Component: should render opens correctly 1`] = `
<Panel.LEGACY.Section>
  <LabelledValue
    label="Engagement Rate Achieved"
  >
    <h6>
      <Tooltip
        content={
          <span>
            0
             opens of
             
            100
             accepted
          </span>
        }
        dark={true}
      >
        <Unit
          unit="percent"
          value={20}
        />
         
        <span
          className="InfoIcon"
        >
          <InfoOutline />
        </span>
      </Tooltip>
    </h6>
  </LabelledValue>
</Panel.LEGACY.Section>
`;

exports[`Variants View Component: PercentOrSample Component: should render percent correctly 1`] = `
<LabelledValue
  label="Percent"
>
  <p>
    <Unit
      unit="percent"
      value={50}
    />
  </p>
</LabelledValue>
`;

exports[`Variants View Component: PercentOrSample Component: should render sample size correctly 1`] = `
<LabelledValue
  label="Sample Size"
>
  <p>
    1,000
  </p>
</LabelledValue>
`;

exports[`Variants View Component: Top level Component should render correctly 1`] = `
<Fragment>
  <Variant
    showRate={false}
    title="Default Template"
    variant={
      Object {
        "template_id": "default",
      }
    }
  />
  <Variant
    key="0"
    showRate={false}
    variant={
      Object {
        "template_id": "var1",
      }
    }
  />
  <Variant
    key="1"
    showRate={false}
    variant={
      Object {
        "template_id": "var2",
      }
    }
  />
</Fragment>
`;

exports[`Variants View Component: Variant Component: should render correctly 1`] = `
<OGOnlyWrapper
  as={[Function]}
>
  <Panel.LEGACY.Section
    actions={
      Array [
        Object {
          "as": [Function],
          "color": "orange",
          "content": <React.Fragment>
            View Template 
            <ChevronRight />
          </React.Fragment>,
          "to": "/templates/edit/temp_id/published",
        },
      ]
    }
  >
    <h6
      className="SmallHeader"
    >
      variant title
    </h6>
    <LabelledValue
      label="Template ID"
    >
      <h6>
        temp_id
      </h6>
    </LabelledValue>
    <PercentOrSample
      variant={
        Object {
          "template_id": "temp_id",
        }
      }
    />
  </Panel.LEGACY.Section>
  <Engagement
    variant={
      Object {
        "template_id": "temp_id",
      }
    }
  />
</OGOnlyWrapper>
`;
