// Jest Snapshot v1, https://goo.gl/fbAQLP

exports[`EngagementRateByCohortPage bar chart props gets x axis props 1`] = `
Object {
  "tickFormatter": [Function],
  "ticks": Array [
    1,
    2,
  ],
}
`;

exports[`EngagementRateByCohortPage bar chart props renders tooltip content 1`] = `
<Stack>
  <TooltipMetric
    color="#88E2E7"
    description="Never engaged, first email in last 7 days"
    key="new"
    label="New"
    value="50%"
  />
  <TooltipMetric
    color="#1A838B"
    description="0-14 days since last engagement"
    key="14d"
    label="Recently Engaged"
    value="40%"
  />
  <TooltipMetric
    color="#219EA8"
    description="14-90 days since last engagement"
    key="90d"
    label="Semi Recently Engaged"
    value="30%"
  />
  <TooltipMetric
    color="#29B9C7"
    description="90-365 days since last engagement"
    key="365d"
    label="Not Recently Engaged"
    value="20%"
  />
  <TooltipMetric
    color="#50CFDA"
    description="365+ days since last engagement"
    key="uneng"
    label="Never Engaged"
    value="11.1%"
  />
</Stack>
`;

exports[`EngagementRateByCohortPage renders error correctly 1`] = `
<SignalsPage
  breadcrumbAction={
    Object {
      "as": [Function],
      "content": "Back to Engagement Recency Overview",
      "to": "/signals/engagement",
    }
  }
  facet="sending-domain"
  facetId="test.com"
  title="Engagement Rate by Cohort"
>
  <Panel.LEGACY>
    <Panel.LEGACY.Section>
      <Grid>
        <Grid.Column
          md={4}
          xs={12}
        >
          <Connect(DateFilter)
            label="Date Range"
          />
        </Grid.Column>
      </Grid>
    </Panel.LEGACY.Section>
  </Panel.LEGACY>
  <Grid>
    <Grid.Column
      md={7}
      sm={12}
    >
      <Panel.LEGACY
        data-id="engagement-rate-chart"
      >
        <withRouter(Tabs)
          facet="sending-domain"
          facetId="test.com"
        />
        <Empty
          message="Unable to Load Data"
        />
      </Panel.LEGACY>
    </Grid.Column>
    <Grid.Column
      md={5}
      mdOffset={0}
      sm={12}
    >
      <div />
    </Grid.Column>
  </Grid>
</SignalsPage>
`;
