// Jest Snapshot v1, https://goo.gl/fbAQLP

exports[`SSOPage renders correctly 1`] = `""`;
