// Jest Snapshot v1, https://goo.gl/fbAQLP

exports[`Sending Domains Create Page renders and mounts correctly 1`] = `
<Page
  breadcrumbAction={
    Object {
      "as": [Function],
      "content": "Back to Sending Domains",
      "to": "/account/sending-domains",
    }
  }
  title="Add a Domain"
>
  <Panel.LEGACY>
    <Connect(ReduxForm)
      onSubmit={[Function]}
    />
  </Panel.LEGACY>
</Page>
`;
