// Jest Snapshot v1, https://goo.gl/fbAQLP

exports[`CreatePage .submitSnippet succeeds with a subaccount assignment 1`] = `
[MockFunction] {
  "calls": Array [
    Array [
      Object {
        "amp_html": undefined,
        "html": undefined,
        "id": "example-snippet",
        "name": "Example Snippet",
        "sharedWithSubaccounts": false,
        "subaccountId": "example-subaccount",
        "text": undefined,
      },
    ],
  ],
  "results": undefined,
}
`;

exports[`CreatePage .submitSnippet succeeds with content 1`] = `
[MockFunction] {
  "calls": Array [
    Array [
      Object {
        "amp_html": "<span>amped</span>",
        "html": "<p>testing...</p>",
        "id": "example-snippet",
        "name": "Example Snippet",
        "sharedWithSubaccounts": false,
        "subaccountId": undefined,
        "text": "testing...",
      },
    ],
  ],
  "results": undefined,
}
`;

exports[`CreatePage .submitSnippet succeeds with primary account assignment 1`] = `
[MockFunction] {
  "calls": Array [
    Array [
      Object {
        "amp_html": undefined,
        "html": undefined,
        "id": "example-snippet",
        "name": "Example Snippet",
        "sharedWithSubaccounts": false,
        "subaccountId": undefined,
        "text": undefined,
      },
    ],
  ],
  "results": undefined,
}
`;

exports[`CreatePage .submitSnippet succeeds with shared subaccounts assignment 1`] = `
[MockFunction] {
  "calls": Array [
    Array [
      Object {
        "amp_html": undefined,
        "html": undefined,
        "id": "example-snippet",
        "name": "Example Snippet",
        "sharedWithSubaccounts": true,
        "subaccountId": undefined,
        "text": undefined,
      },
    ],
  ],
  "results": undefined,
}
`;

exports[`CreatePage renders form 1`] = `
<Page
  breadcrumbAction={
    Object {
      "Component": [Function],
      "content": "View All Snippets",
      "to": "/snippets",
    }
  }
  primaryAction={
    Object {
      "Component": [Function],
      "content": "Create Snippet",
      "onClick": [Function],
    }
  }
  title="Create a Snippet"
>
  <Form
    id="snippets-create-form"
    onSubmit={[Function]}
  >
    <Grid>
      <Grid.Column
        lg={4}
        xs={12}
      >
        <Panel.LEGACY
          sectioned={true}
        >
          <Stack>
            <Field
              component={[Function]}
              helpText={
                <ExternalLink
                  to="https://developers.sparkpost.com/api/snippets/"
                >
                  Learn more about Snippets
                </ExternalLink>
              }
              label="Snippet Name"
              name="name"
              onChange={[Function]}
              validate={
                Array [
                  [Function],
                  [Function],
                ]
              }
            />
            <Field
              component={[Function]}
              helpText="This is a unique identifier to reference your snippet in a template."
              label="Snippet ID"
              name="id"
              validate={
                Array [
                  [Function],
                  [Function],
                  [Function],
                ]
              }
            />
          </Stack>
        </Panel.LEGACY>
      </Grid.Column>
      <Grid.Column
        lg={8}
        xs={12}
      >
        <ContentEditor
          contentOnly={true}
        />
      </Grid.Column>
    </Grid>
  </Form>
</Page>
`;
