// Jest Snapshot v1, https://goo.gl/fbAQLP

exports[`PremiumSupportPage default state 1`] = `
<Page
  breadcrumbAction={
    Object {
      "as": [Function],
      "content": "Back to billing",
      "to": "/account/billing",
    }
  }
>
  <Panel.LEGACY
    accent={true}
    sectioned={true}
    title="Request Premium Support"
  >
    <Form
      id="premium-support-form"
      onSubmit={[Function]}
    >
      <PremiumSupportFields />
      <Button
        color="orange"
        disabled={false}
        submit={true}
      >
        Submit Request
      </Button>
    </Form>
  </Panel.LEGACY>
</Page>
`;

exports[`PremiumSupportPage handles submit success 1`] = `
Array [
  Object {
    "autoDismiss": false,
    "message": "Request Submitted - Ticket # 123",
    "type": "success",
  },
]
`;

exports[`PremiumSupportPage renders submitting state correctly 1`] = `
<Button
  color="orange"
  disabled={true}
  submit={true}
>
  Submitting...
</Button>
`;

exports[`PremiumSupportPage submits Form correctly 1`] = `
Array [
  Object {
    "issueType": "Vetting",
    "message": undefined,
    "subject": "AWS Premium Vetting",
  },
]
`;
