// Jest Snapshot v1, https://goo.gl/fbAQLP

exports[`report helpers dedupeFilters returns deduped filters 1`] = `
Array [
  Object {
    "id": 698,
    "type": "Subaccount",
    "value": "created (ID 698)",
  },
  Object {
    "id": 656,
    "type": "Subaccount",
    "value": "test create no key (ID 656)",
  },
  Object {
    "id": 550,
    "type": "not-subaccount",
    "value": "some random value",
  },
]
`;

exports[`report helpers mapFiltersToComparators returns an empty array when no mapped filters are returned 1`] = `Array []`;

exports[`report helpers mapFiltersToComparators returns the new structure for filters 1`] = `
Array [
  Object {
    "AND": Object {
      "domains": Object {
        "eq": Array [
          "some random value",
        ],
      },
      "subaccounts": Object {
        "eq": Array [
          698,
          656,
        ],
      },
      "templates": Object {
        "eq": Array [
          "oiwjefoijwef",
        ],
      },
    },
  },
]
`;

exports[`report helpers parseSearch should parse search with missing range 1`] = `
Object {
  "filters": Array [
    Object {
      "id": undefined,
      "type": "Domain",
      "value": "test.com",
    },
    Object {
      "id": "123",
      "type": "Subaccount",
      "value": "test",
    },
  ],
  "options": Object {
    "from": 2017-11-03T14:43:00.000Z,
    "metrics": Array [
      "count-something",
    ],
    "to": 2017-11-04T14:43:00.000Z,
  },
  "report": undefined,
}
`;
