// Jest Snapshot v1, https://goo.gl/fbAQLP

exports[`EngagementTable when loading 1`] = `
<PanelLoading
  accent={false}
  minHeight="400px"
/>
`;

exports[`EngagementTable when no results 1`] = `
<Panel.LEGACY>
  <Empty
    message="No clicks to report"
  />
</Panel.LEGACY>
`;

exports[`EngagementTable when renders table 1`] = `
<TableCollection
  columns={
    Array [
      Object {
        "key": "link_name",
        "label": "Link",
        "sortKey": "link_name",
        "width": "30%",
      },
      Object {
        "key": "count_raw_clicked_approx",
        "label": <HeaderTooltip
          tooltipContent="Total number of messages which had at least one link selected one or more times."
        >
          Unique Clicks
        </HeaderTooltip>,
        "sortKey": "count_raw_clicked_approx",
        "width": "30%",
      },
      Object {
        "key": "count_clicked",
        "label": <HeaderTooltip
          tooltipContent="Number of times that links were clicked across all emails."
        >
          Clicks
        </HeaderTooltip>,
        "sortKey": "count_clicked",
        "width": "20%",
      },
      Object {
        "key": "percentage_clicked",
        "label": "Percent of Total",
        "sortKey": "percentage_clicked",
        "width": "20%",
      },
    ]
  }
  defaultSortColumn="count_clicked"
  defaultSortDirection="desc"
  getRowData={[Function]}
  pagination={true}
  rows={
    Array [
      Object {
        "count_clicked": 10,
        "count_raw_clicked_approx": 1,
        "link_name": "Raw URL",
        "percentage_clicked": 33.33333333333333,
      },
      Object {
        "count_clicked": 20,
        "count_raw_clicked_approx": 2,
        "link_name": "Nintendo",
        "percentage_clicked": 66.66666666666666,
      },
    ]
  }
/>
`;
