// Jest Snapshot v1, https://goo.gl/fbAQLP

exports[`PasswordForm disables button correctly 1`] = `
<Form
  id="update-password-form"
>
  <Panel.LEGACY.Section>
    <Stack>
      <Field
        autoComplete="current-password"
        component={[Function]}
        id="currentPassword"
        label="Current Password"
        name="currentPassword"
        type="password"
        validate={[Function]}
      />
      <Field
        autoComplete="new-password"
        component={[Function]}
        id="newPassword"
        label="New Password"
        name="newPassword"
        type="password"
        validate={
          Array [
            [Function],
            [Function],
            [Function],
          ]
        }
      />
    </Stack>
  </Panel.LEGACY.Section>
  <Panel.LEGACY.Section>
    <Button
      disabled={true}
      submit={true}
      variant="primary"
    >
      Update Password
    </Button>
  </Panel.LEGACY.Section>
</Form>
`;

exports[`PasswordForm should render correctly 1`] = `
<Form
  id="update-password-form"
>
  <Panel.LEGACY.Section>
    <Stack>
      <Field
        autoComplete="current-password"
        component={[Function]}
        id="currentPassword"
        label="Current Password"
        name="currentPassword"
        type="password"
        validate={[Function]}
      />
      <Field
        autoComplete="new-password"
        component={[Function]}
        id="newPassword"
        label="New Password"
        name="newPassword"
        type="password"
        validate={
          Array [
            [Function],
            [Function],
            [Function],
          ]
        }
      />
    </Stack>
  </Panel.LEGACY.Section>
  <Panel.LEGACY.Section>
    <Button
      disabled={true}
      submit={true}
      variant="primary"
    >
      Update Password
    </Button>
  </Panel.LEGACY.Section>
</Form>
`;

exports[`PasswordForm should render correctly when updating 1`] = `
<Form
  id="update-password-form"
>
  <Panel.LEGACY.Section>
    <Stack>
      <Field
        autoComplete="current-password"
        component={[Function]}
        id="currentPassword"
        label="Current Password"
        name="currentPassword"
        type="password"
        validate={[Function]}
      />
      <Field
        autoComplete="new-password"
        component={[Function]}
        id="newPassword"
        label="New Password"
        name="newPassword"
        type="password"
        validate={
          Array [
            [Function],
            [Function],
            [Function],
          ]
        }
      />
    </Stack>
  </Panel.LEGACY.Section>
  <Panel.LEGACY.Section>
    <Button
      disabled={true}
      submit={true}
      variant="primary"
    >
      Updating Password
    </Button>
  </Panel.LEGACY.Section>
</Form>
`;
