// Jest Snapshot v1, https://goo.gl/fbAQLP

exports[`SearchForm should render correctly 1`] = `
<Form
  id="events-advanced-filter-form"
  onSubmit={[MockFunction]}
>
  <Panel.LEGACY
    title="Advanced Filters"
  >
    <Panel.LEGACY.Section>
      <EventTypeFilters />
    </Panel.LEGACY.Section>
    <Panel.LEGACY.Section>
      <FieldArray
        component={[Function]}
        name="searchQuery"
      />
      <p>
        All filters accept comma-separated values.
      </p>
    </Panel.LEGACY.Section>
    <Panel.LEGACY.Section>
      <Inline>
        <Button
          submit={true}
          variant="primary"
        >
          Apply Filters
        </Button>
        <Button
          className="Cancel"
          onClick={[MockFunction]}
          variant="secondary"
        >
          Cancel
        </Button>
      </Inline>
    </Panel.LEGACY.Section>
  </Panel.LEGACY>
</Form>
`;
