// Jest Snapshot v1, https://goo.gl/fbAQLP

exports[`ActionsModal renders hidden modal 1`] = `
<Modal.LEGACY
  title="Modal Title"
>
  <Panel.LEGACY
    title="Modal Title"
  >
    <Panel.LEGACY.Section>
      Modal Content
    </Panel.LEGACY.Section>
    <Panel.LEGACY.Section>
      <div
        className="Buttons"
      >
        <div>
          <Button
            className="ActionButton"
            key="0"
            name="action-modal-button"
            onClick={[Function]}
            primary={true}
          >
            Do It
          </Button>
        </div>
        <Button
          name="action-cancel-modal-button"
        >
          Cancel
        </Button>
      </div>
    </Panel.LEGACY.Section>
  </Panel.LEGACY>
</Modal.LEGACY>
`;
