// Jest Snapshot v1, https://goo.gl/fbAQLP

exports[`Component: Summary Chart Metrics Modal should disable checkboxes when max selected 1`] = `
<Modal.LEGACY
  onClose={[MockFunction]}
  open={true}
>
  <WindowEvent
    event="keydown"
    handler={[Function]}
  />
  <Panel.LEGACY>
    <Panel.LEGACY.Section>
      <h5>
        Select up to 5 metrics
      </h5>
      <div>
        <div
          className="Metric"
          key="count_accepted"
        >
          <Tooltip
            content="Messages an ISP or other remote domain accepted (less Out-of-Band Bounces)."
            dark={true}
          >
            <Checkbox
              checked={false}
              disabled={true}
              id="count_accepted"
              label="Accepted"
              onChange={[Function]}
            />
          </Tooltip>
        </div>
        <div
          className="Metric"
          key="count_injected"
        >
          <Tooltip
            content="Messages either injected to or received by SparkPost."
            dark={true}
          >
            <Checkbox
              checked={true}
              disabled={false}
              id="count_injected"
              label="Injected"
              onChange={[Function]}
            />
          </Tooltip>
        </div>
        <div
          className="Metric"
          key="count_sent"
        >
          <Tooltip
            content="Messages that SparkPost attempted to deliver, which includes both Deliveries and In-Band Bounces."
            dark={true}
          >
            <Checkbox
              checked={false}
              disabled={true}
              id="count_sent"
              label="Sent"
              onChange={[Function]}
            />
          </Tooltip>
        </div>
        <div
          className="Metric"
          key="count_targeted"
        >
          <Tooltip
            content="Messages successfully injected into SparkPost as well as rejected by it."
            dark={true}
          >
            <Checkbox
              checked={true}
              disabled={false}
              id="count_targeted"
              label="Targeted"
              onChange={[Function]}
            />
          </Tooltip>
        </div>
      </div>
    </Panel.LEGACY.Section>
    <Panel.LEGACY.Section>
      <Button
        className="Apply"
        disabled={false}
        onClick={[Function]}
        primary={true}
      >
        Apply Metrics
      </Button>
      <Button
        className="Cancel"
        onClick={[MockFunction]}
      >
        Cancel
      </Button>
    </Panel.LEGACY.Section>
  </Panel.LEGACY>
</Modal.LEGACY>
`;

exports[`Component: Summary Chart Metrics Modal should render 1`] = `
<Modal.LEGACY
  onClose={[MockFunction]}
  open={true}
>
  <WindowEvent
    event="keydown"
    handler={[Function]}
  />
  <Panel.LEGACY>
    <Panel.LEGACY.Section>
      <h5>
        Select up to 5 metrics
      </h5>
      <div>
        <div
          className="Metric"
          key="count_accepted"
        >
          <Tooltip
            content="Messages an ISP or other remote domain accepted (less Out-of-Band Bounces)."
            dark={true}
          >
            <Checkbox
              checked={false}
              disabled={false}
              id="count_accepted"
              label="Accepted"
              onChange={[Function]}
            />
          </Tooltip>
        </div>
        <div
          className="Metric"
          key="count_injected"
        >
          <Tooltip
            content="Messages either injected to or received by SparkPost."
            dark={true}
          >
            <Checkbox
              checked={false}
              disabled={false}
              id="count_injected"
              label="Injected"
              onChange={[Function]}
            />
          </Tooltip>
        </div>
        <div
          className="Metric"
          key="count_sent"
        >
          <Tooltip
            content="Messages that SparkPost attempted to deliver, which includes both Deliveries and In-Band Bounces."
            dark={true}
          >
            <Checkbox
              checked={false}
              disabled={false}
              id="count_sent"
              label="Sent"
              onChange={[Function]}
            />
          </Tooltip>
        </div>
        <div
          className="Metric"
          key="count_targeted"
        >
          <Tooltip
            content="Messages successfully injected into SparkPost as well as rejected by it."
            dark={true}
          >
            <Checkbox
              checked={false}
              disabled={false}
              id="count_targeted"
              label="Targeted"
              onChange={[Function]}
            />
          </Tooltip>
        </div>
      </div>
    </Panel.LEGACY.Section>
    <Panel.LEGACY.Section>
      <Button
        className="Apply"
        disabled={true}
        onClick={[Function]}
        primary={true}
      >
        Apply Metrics
      </Button>
      <Button
        className="Cancel"
        onClick={[MockFunction]}
      >
        Cancel
      </Button>
    </Panel.LEGACY.Section>
  </Panel.LEGACY>
</Modal.LEGACY>
`;

exports[`Component: Summary Chart Metrics Modal should select metrics 1`] = `
<Modal.LEGACY
  onClose={[MockFunction]}
  open={true}
>
  <WindowEvent
    event="keydown"
    handler={[Function]}
  />
  <Panel.LEGACY>
    <Panel.LEGACY.Section>
      <h5>
        Select up to 5 metrics
      </h5>
      <div>
        <div
          className="Metric"
          key="count_accepted"
        >
          <Tooltip
            content="Messages an ISP or other remote domain accepted (less Out-of-Band Bounces)."
            dark={true}
          >
            <Checkbox
              checked={false}
              disabled={false}
              id="count_accepted"
              label="Accepted"
              onChange={[Function]}
            />
          </Tooltip>
        </div>
        <div
          className="Metric"
          key="count_injected"
        >
          <Tooltip
            content="Messages either injected to or received by SparkPost."
            dark={true}
          >
            <Checkbox
              checked={true}
              disabled={false}
              id="count_injected"
              label="Injected"
              onChange={[Function]}
            />
          </Tooltip>
        </div>
        <div
          className="Metric"
          key="count_sent"
        >
          <Tooltip
            content="Messages that SparkPost attempted to deliver, which includes both Deliveries and In-Band Bounces."
            dark={true}
          >
            <Checkbox
              checked={false}
              disabled={false}
              id="count_sent"
              label="Sent"
              onChange={[Function]}
            />
          </Tooltip>
        </div>
        <div
          className="Metric"
          key="count_targeted"
        >
          <Tooltip
            content="Messages successfully injected into SparkPost as well as rejected by it."
            dark={true}
          >
            <Checkbox
              checked={true}
              disabled={false}
              id="count_targeted"
              label="Targeted"
              onChange={[Function]}
            />
          </Tooltip>
        </div>
      </div>
    </Panel.LEGACY.Section>
    <Panel.LEGACY.Section>
      <Button
        className="Apply"
        disabled={false}
        onClick={[Function]}
        primary={true}
      >
        Apply Metrics
      </Button>
      <Button
        className="Cancel"
        onClick={[MockFunction]}
      >
        Cancel
      </Button>
    </Panel.LEGACY.Section>
  </Panel.LEGACY>
</Modal.LEGACY>
`;
