// Jest Snapshot v1, https://goo.gl/fbAQLP

exports[`Component: DatePicker handleFormDates should use a date field format if provided 1`] = `
<React.Fragment>
  <label
    className="Label"
    htmlFor="date-field-date-picker"
  >
    Narrow Date Range
  </label>
  <TextField
    connectLeft={
      <React.Fragment>
        <label
          className="Label"
          htmlFor="range-select-date-picker"
        >
          Broad Date Range
        </label>
        <Styled(Select)
          disabled={false}
          id="range-select-date-picker"
          onChange={[MockFunction]}
          options={
            Array [
              1,
              2,
              3,
            ]
          }
          value="day"
        />
      </React.Fragment>
    }
    disabled={false}
    id="date-field-date-picker"
    onBlur={[MockFunction]}
    onClick={[MockFunction]}
    readOnly={true}
    value="YYYY-MM h – YYYY-MM h"
  />
</React.Fragment>
`;

exports[`Component: DatePicker should not render range select if showPresets is false 1`] = `
<React.Fragment>
  <label
    className="Label"
    htmlFor="date-field-date-picker"
  >
    Narrow Date Range
  </label>
  <TextField
    connectLeft={null}
    disabled={false}
    id="date-field-date-picker"
    onBlur={[MockFunction]}
    onClick={[MockFunction]}
    readOnly={true}
    value="MMM do yyyy h:mmaaaaa'm' – MMM do yyyy h:mmaaaaa'm'"
  />
</React.Fragment>
`;

exports[`Component: DatePicker should render ok by default 1`] = `
<Popover
  className="Popover"
  id="popover-date-picker"
  onClose={[Function]}
  open={false}
  trigger={
    <React.Fragment>
      <label
        className="Label"
        htmlFor="date-field-date-picker"
      >
        Narrow Date Range
      </label>
      <TextField
        connectLeft={
          <React.Fragment>
            <label
              className="Label"
              htmlFor="range-select-date-picker"
            >
              Broad Date Range
            </label>
            <Styled(Select)
              disabled={false}
              id="range-select-date-picker"
              onChange={[Function]}
              options={
                Array [
                  1,
                  2,
                  3,
                ]
              }
              value="day"
            />
          </React.Fragment>
        }
        disabled={false}
        id="date-field-date-picker"
        onBlur={[Function]}
        onClick={[Function]}
        readOnly={true}
        value="MMM do yyyy h:mmaaaaa'm' – MMM do yyyy h:mmaaaaa'm'"
      />
    </React.Fragment>
  }
  wrapper="div"
>
  <DateSelector
    disabledDays={
      Object {
        "after": 2017-01-15T12:00:00.000Z,
      }
    }
    enableOutsideDays={false}
    fixedWeeks={true}
    initialMonth={2017-01-15T12:00:00.000Z}
    numberOfMonths={2}
    onDayClick={[Function]}
    onDayFocus={[Function]}
    onDayKeyDown={[Function]}
    onDayMouseEnter={[Function]}
    onKeyDown={[Function]}
    selectedDays={
      Object {
        "from": 2017-01-15T11:00:00.000Z,
        "to": 2017-01-15T12:00:00.000Z,
      }
    }
    toMonth={2017-01-15T12:00:00.000Z}
  />
  <ManualEntryForm
    from={2017-01-15T11:00:00.000Z}
    onEnter={[Function]}
    preventFuture={true}
    roundToPrecision={true}
    selectDates={[Function]}
    to={2017-01-15T12:00:00.000Z}
  />
  <Box
    marginTop="500"
  >
    <ButtonWrapper>
      <Button
        data-id="date-picker-custom-apply"
        onClick={[Function]}
        variant="primary"
      >
        Apply
      </Button>
      <Button
        onClick={[Function]}
        variant="secondary"
      >
        Cancel
      </Button>
    </ButtonWrapper>
  </Box>
  <WindowEvent
    event="keydown"
    handler={[Function]}
  />
</Popover>
`;
